	Command being timed: "sh -lc bash ./tlzk_stwo_batch_prover.sh batch.json"
	User time (seconds): 126.06
	System time (seconds): 32.67
	Percent of CPU this job got: 526%
	Elapsed (wall clock) time (h:mm:ss or m:ss): 0:30.13
	Average shared text size (kbytes): 0
	Average unshared data size (kbytes): 0
	Average stack size (kbytes): 0
	Average total size (kbytes): 0
	Maximum resident set size (kbytes): 12664196
	Average resident set size (kbytes): 0
	Major (requiring I/O) page faults: 71
	Minor (reclaiming a frame) page faults: 5334597
	Voluntary context switches: 143696
	Involuntary context switches: 22057
	Swaps: 0
	File system inputs: 11512
	File system outputs: 25000
	Socket messages sent: 0
	Socket messages received: 0
	Signals delivered: 0
	Page size (bytes): 4096
	Exit status: 0
